<html>
<body>
<pre>
<h1>猩ision Build Log</h1>
<h2>Tool Versions:</h2>
IDE-Version: μVision V5.14.0.0
Copyright (C) 2015 ARM Ltd and ARM Germany GmbH. All rights reserved.
License Information: 履軒 陳, NCU, LIC=----
 
Tool Versions:
Toolchain:       MDK-Lite  Version: 5.14.0.0
Toolchain Path:  C:\Keil_v5\ARM\ARMCC\Bin
C Compiler:      Armcc.exe V5.05 update 1 (build 106)
Assembler:       Armasm.exe V5.05 update 1 (build 106)
Linker/Locator:  ArmLink.exe V5.05 update 1 (build 106)
Library Manager: ArmAr.exe V5.05 update 1 (build 106)
Hex Converter:   FromElf.exe V5.05 update 1 (build 106)
CPU DLL:         SARMCM3.DLL V5.14.0.0
Dialog DLL:      DCM.DLL V1.13.1.0
Target DLL:      STLink\ST-LINKIII-KEIL_SWO.dll V2.0.14.0_KEIL
Dialog DLL:      TCM.DLL V1.14.4.0
 
<h2>Project:</h2>
D:\大專專題計畫\autocar\autocar.uvprojx
Project File Date:  10/23/2015

<h2>Output:</h2>
Rebuild target 'Target 1'
compiling main.c...
stm32f4xx_conf.h(96): warning:  #1-D: last line of file ends without a newline
        
Stepper.h(6): warning:  #1295-D: Deprecated declaration Stepper_Init - give arg types
  void Stepper_Init();
usart_config.h(13): warning:  #1295-D: Deprecated declaration usart_lowLevelInit - give arg types
  void usart_lowLevelInit();
main.c(14): warning:  #223-D: function "Systick_Init" declared implicitly
        Systick_Init(); // activate systick handler to use the delays functions
main.c: 4 warnings, 0 errors
compiling Stepper.c...
stm32f4xx_conf.h(96): warning:  #1-D: last line of file ends without a newline
        
Stepper.h(6): warning:  #1295-D: Deprecated declaration Stepper_Init - give arg types
  void Stepper_Init();
Stepper.c: 2 warnings, 0 errors
compiling delay.c...
stm32f4xx_conf.h(96): warning:  #1-D: last line of file ends without a newline
        
delay.c: 1 warning, 0 errors
compiling usart_config.c...
stm32f4xx_conf.h(96): warning:  #1-D: last line of file ends without a newline
        
usart_config.h(13): warning:  #1295-D: Deprecated declaration usart_lowLevelInit - give arg types
  void usart_lowLevelInit();
usart_config.c: 2 warnings, 0 errors
assembling startup_stm32f429_439xx.s...
compiling system_stm32f4xx.c...
compiling misc.c...
compiling stm32f4xx_gpio.c...
compiling stm32f4xx_rcc.c...
compiling stm32f4xx_usart.c...
linking...
Program Size: Code=2252 RO-data=460 RW-data=44 ZI-data=1636  
".\Objects\autocar.axf" - 0 Error(s), 9 Warning(s).

<h2>Software Packages used:</h2>

Package Vendor: ARM
                http://www.keil.com/pack/ARM.CMSIS.4.2.0.pack
                ARM::CMSIS:CORE:3.40.0
                CMSIS (Cortex Microcontroller Software Interface Standard)
   * Component: CORE Version: 3.40.0

Package Vendor: Keil
                http://www.keil.com/pack/Keil.STM32F4xx_DFP.1.0.8.pack
                Keil::Device:Startup:1.3.1
                STMicroelectronics STM32F4 Series Device Support, Drivers and Examples
   * Component: Startup Version: 1.3.1
   * Component: Framework Version: 1.3.1
   * Component: GPIO Version: 1.3.0
   * Component: USART Version: 1.3.0
   * Component: RCC Version: 1.3.0

<h2>Collection of Component include folders:</h2>
  D:\大專專題計畫\autocar\RTE
  D:\大專專題計畫\autocar\RTE\Device\STM32F429ZI
  C:\Keil_v5\ARM\PACK\ARM\CMSIS\4.2.0\CMSIS\Include
  C:\Keil_v5\ARM\PACK\Keil\STM32F4xx_DFP\1.0.8\Device\Include
  C:\Keil_v5\ARM\PACK\Keil\STM32F4xx_DFP\1.0.8\Device\StdPeriph_Driver\inc

<h2>Collection of Component Files used:</h2>

   * Component: ARM::CMSIS:CORE:3.40.0
      Source file:   CMSIS\UserCodeTemplates\ARM\ITM_Retarget.c

   * Component: Keil::Device:Startup:1.3.1
      Source file:   Device\Source\ARM\startup_stm32f429_439xx.s
      Include file:  Device\Include\stm32f4xx.h
      Source file:   Device\Source\ARM\STM32F4xx_OTP.s
      Source file:   Device\Source\ARM\STM32F42xxx_43xxx_OPT.s
      Include file:  RTE_Driver\Config\RTE_Device.h
      Source file:   Device\Source\system_stm32f4xx.c

   * Component: Keil::Device:StdPeriph Drivers:Framework:1.3.1
      Include file:  Device\StdPeriph_Driver\templates\stm32f4xx_it.h
      Source file:   Device\StdPeriph_Driver\templates\stm32f4xx_it.c
      Source file:   Device\StdPeriph_Driver\src\misc.c
      Source file:   Device\StdPeriph_Driver\templates\stm32f4xx_conf.h

   * Component: Keil::Device:StdPeriph Drivers:GPIO:1.3.0
      Include file:  Device\StdPeriph_Driver\inc\stm32f4xx_gpio.h
      Source file:   Device\StdPeriph_Driver\src\stm32f4xx_gpio.c

   * Component: Keil::Device:StdPeriph Drivers:USART:1.3.0
      Include file:  Device\StdPeriph_Driver\inc\stm32f4xx_usart.h
      Source file:   Device\StdPeriph_Driver\src\stm32f4xx_usart.c

   * Component: Keil::Device:StdPeriph Drivers:RCC:1.3.0
      Source file:   Device\StdPeriph_Driver\src\stm32f4xx_rcc.c
      Include file:  Device\StdPeriph_Driver\inc\stm32f4xx_rcc.h
</pre>
</body>
</html>
